// Jest Snapshot v1, https://goo.gl/fbAQLP

exports[`Order Page should renders order page correctly 1`] = `
<section
  className="sc-bjfHbI daFCJp"
>
  <h2
    className="section-title"
    style={
      Object {
        "color": "#FCFBFB",
        "fontFamily": "Source Sans Pro",
        "fontSize": "2.25rem",
        "fontWeight": "300",
        "letterSpacing": "1px",
        "lineHeight": "1.3",
      }
    }
  >
    My Order
  </h2>
  <p
    className="paragraph"
    style={
      Object {
        "color": "#FCFBFB",
        "fontFamily": "Source Sans Pro",
        "fontSize": "1rem",
        "fontWeight": "400",
        "letterSpacing": "0",
        "lineHeight": "1.6",
      }
    }
  >
    You have not ordered anything yet.
  </p>
</section>
`;
