// Jest Snapshot v1, https://goo.gl/fbAQLP

exports[`Login content of dialog should renders login component correctly 1`] = `
<div>
  <form>
    <div
      class="sc-gswNZR tROUR"
    >
      <div
        class="sc-bcXHqe dHZfIZ"
      >
        <label
          style="color: rgb(21, 21, 21);"
        >
          Login
        </label>
        <input
          name="login"
          placeholder="Your login"
          style="color: rgb(21, 21, 21);"
          type="text"
          value=""
        />
        <p
          class="paragraph"
          style="font-family: Source Sans Pro; font-weight: 400; font-size: 1rem; line-height: 1.6; letter-spacing: 0; color: rgb(231, 76, 60);"
        />
      </div>
      <div
        class="sc-bcXHqe dHZfIZ"
      >
        <label
          style="color: rgb(21, 21, 21);"
        >
          Password
        </label>
        <input
          name="password"
          placeholder="Password"
          style="color: rgb(21, 21, 21);"
          type="password"
          value=""
        />
        <p
          class="paragraph"
          style="font-family: Source Sans Pro; font-weight: 400; font-size: 1rem; line-height: 1.6; letter-spacing: 0; color: rgb(231, 76, 60);"
        />
      </div>
    </div>
  </form>
</div>
`;
