// Jest Snapshot v1, https://goo.gl/fbAQLP

exports[`Card should renders card correctly 1`] = `
<div
  className="sc-bqWxrE bhcwCd"
>
  <img
    alt="Picture of Pinza Mare pizza"
    className="pizza-img"
    height="192px"
    src={
      Object {
        "ReactComponent": Object {
          "$$typeof": Symbol(react.forward_ref),
          "render": [Function],
        },
        "__esModule": true,
        "default": "pizza-63b2d3b592b7f0f1c7c567b8.svg",
      }
    }
  />
  <p
    className="price-tag"
    style={
      Object {
        "color": "#EB853E",
        "fontFamily": "Klepon Ijo",
        "fontSize": "3.1500000000000004rem",
        "letterSpacing": "0",
      }
    }
  >
    26$
  </p>
  <h3
    className="card-title"
    style={
      Object {
        "color": "#FCFBFB",
        "fontFamily": "Klepon Ijo",
        "fontSize": "2rem",
        "fontWeight": "400",
        "letterSpacing": "2px",
        "lineHeight": "1.2",
        "textTransform": "uppercase",
      }
    }
  >
    Pinza Mare
  </h3>
  <div
    className="sc-ksBlkl btdDBw"
  >
    <h4
      className="card-subtitle"
      style={
        Object {
          "color": "#FCFBFB",
          "fontFamily": "Source Sans Pro",
          "fontSize": "0.9rem",
          "fontWeight": "400",
          "lineHeight": "1.6",
        }
      }
    >
      <span>
         
        shrimps
        , 
      </span>
      <span>
         
        red fish
        , 
      </span>
      <span>
         
        olives
        , 
      </span>
      <span>
         
        white sauce
        , 
      </span>
      <span>
         
        oregano
        , 
      </span>
      <span>
         
        basil
      </span>
    </h4>
  </div>
  <div
    className="sc-hBxehG fMTVUj"
  >
    <div
      className="sc-ipEyDJ fkvujW quantity-button"
    >
      <button
        className="sc-bcXHqe sc-eDvSVe feNVH cAJNIx secondary-dark btn-sm button"
        onClick={[Function]}
        style={
          Object {
            "fontSize": "0.8500000000000001rem",
            "padding": "0.52rem 1rem",
          }
        }
      >
        <img
          height={17}
          src={
            Object {
              "ReactComponent": Object {
                "$$typeof": Symbol(react.forward_ref),
                "render": [Function],
              },
              "__esModule": true,
              "default": "basket.svg",
            }
          }
        />
        Add to order
      </button>
      <input
        className="sc-kDvujY dYXGJW"
        onChange={[Function]}
        type="number"
        value={1}
      />
      <div
        className="sc-jrcTuL ggyCiw quantity-button"
      >
        <button
          onClick={[Function]}
        >
          <img
            height={14}
            src={
              Object {
                "ReactComponent": Object {
                  "$$typeof": Symbol(react.forward_ref),
                  "render": [Function],
                },
                "__esModule": true,
                "default": "arrow-up-active.svg",
              }
            }
          />
        </button>
        <button
          onClick={[Function]}
        >
          <img
            height={14}
            src={
              Object {
                "ReactComponent": Object {
                  "$$typeof": Symbol(react.forward_ref),
                  "render": [Function],
                },
                "__esModule": true,
                "default": "arrow-down-active.svg",
              }
            }
          />
        </button>
      </div>
    </div>
    <div
      className="sc-eDWCr kebGnF quantity-button-mobile"
    >
      <button
        className="sc-bcXHqe sc-gswNZR feNVH gHullA primary-light btn-md button"
        onClick={[Function]}
        style={
          Object {
            "border": "none",
            "borderRadius": "0",
            "fontSize": "0.9500000000000001rem",
            "maxHeight": "80px",
            "maxWidth": "80px",
            "padding": "0.5850000000000001rem 1.125rem",
          }
        }
      >
        <img
          height={20}
          src={
            Object {
              "ReactComponent": Object {
                "$$typeof": Symbol(react.forward_ref),
                "render": [Function],
              },
              "__esModule": true,
              "default": "plus.svg",
            }
          }
        />
      </button>
      <input
        className="sc-csuSiG jFZSmB"
        style={
          Object {
            "border": "none",
            "borderRadius": "0",
            "maxHeight": "80px",
            "maxWidth": "80px",
          }
        }
        type="number"
        value={1}
      />
      <button
        className="sc-bcXHqe sc-gswNZR feNVH gHullA primary-light btn-md button"
        onClick={[Function]}
        style={
          Object {
            "border": "none",
            "borderRadius": "0",
            "fontSize": "0.9500000000000001rem",
            "maxHeight": "80px",
            "maxWidth": "80px",
            "padding": "0.5850000000000001rem 1.125rem",
          }
        }
      >
        <img
          height={20}
          src={
            Object {
              "ReactComponent": Object {
                "$$typeof": Symbol(react.forward_ref),
                "render": [Function],
              },
              "__esModule": true,
              "default": "minus.svg",
            }
          }
        />
      </button>
    </div>
    <p
      className="price-tag"
      style={
        Object {
          "color": "#EB853E",
          "fontFamily": "Klepon Ijo",
          "fontSize": "2.25rem",
          "letterSpacing": "0",
        }
      }
    >
      26$
    </p>
  </div>
</div>
`;
