// Jest Snapshot v1, https://goo.gl/fbAQLP

exports[`renders correctly price tag 1`] = `
<p
  className="price-tag"
  style={
    Object {
      "color": "#EB853E",
      "fontFamily": "Klepon Ijo",
      "fontSize": "3.1500000000000004rem",
      "letterSpacing": "0",
    }
  }
>
  12$
</p>
`;
